[      63ms] [INFO] %cDownload the React DevTools for a better development experience: https://react.dev/link/react-devtools font-weight:bold @ http://localhost:3004/_next/static/chunks/0484_next_dist_0_l-60x._.js:776
[      76ms] [LOG] [HMR] connected @ http://localhost:3004/_next/static/chunks/0484_next_dist_0_l-60x._.js:776
[     126ms] [WARNING] 
###########
###########
###########                           @@@@
###########                             @@
###########    @@      @@  @@@@@@ @     @@
###########     @@    @@  @@     @@     @@
###########     @@    @@ %@       @     @@
####  #####      @@  @@  .@      .@     @@
###    ####       @@@@    @@:   @@@.    @@
####  #####       @@@@      @@@@  =@@@@@@@@@
###########

This page is built with Val Build - the lightweight CMS where content is code.

Val is currently hidden.

To show Val, go to the following URL:
http://localhost:3004/api/val/enable?redirect_to=http%3A%2F%2Flocalhost%3A3004%2Fcontact
        
You are seeing this message because you are in development mode. @ http://localhost:3004/_next/static/chunks/0484_next_dist_0_l-60x._.js:776
[     128ms] [LOG] %c[Vercel Web Analytics]%c Debug mode is enabled by default in development. No requests will be sent to the server. color: rgb(120, 120, 120) color: inherit @ http://localhost:3004/_next/static/chunks/0484_next_dist_0_l-60x._.js:776
[     128ms] [LOG] %c[Vercel Web Analytics]%c Running queued event color: rgb(120, 120, 120) color: inherit pageview {route: /contact, path: /contact} @ http://localhost:3004/_next/static/chunks/0484_next_dist_0_l-60x._.js:776
[     129ms] [LOG] %c[Vercel Web Analytics]%c Running queued event color: rgb(120, 120, 120) color: inherit pageview {route: /contact, path: /contact} @ http://localhost:3004/_next/static/chunks/0484_next_dist_0_l-60x._.js:776
[     129ms] [LOG] %c[Vercel Web Analytics]%c [view] http://localhost:3004/contact color: rgb(120, 120, 120) color: inherit {o: http://localhost:3004/contact, sv: 0.1.3, sdkn: @vercel/analytics/next, sdkv: 2.0.1, ts: 1787818282782} /_vercel/insights/view @ http://localhost:3004/_next/static/chunks/0484_next_dist_0_l-60x._.js:776
[     129ms] [LOG] %c[Vercel Web Analytics]%c [view] http://localhost:3004/contact color: rgb(120, 120, 120) color: inherit {o: http://localhost:3004/contact, sv: 0.1.3, sdkn: @vercel/analytics/next, sdkv: 2.0.1, ts: 1787818282782} /_vercel/insights/view @ http://localhost:3004/_next/static/chunks/0484_next_dist_0_l-60x._.js:776
[   19152ms] [ERROR] WebSocket connection to 'ws://localhost:3004/_next/hmr?id=InyZA2uhHlZBYK1YZxvQS' failed:  @ http://localhost:3004/_next/static/chunks/0484_next_dist_client_1y3_-8_._.js:16348
[   20155ms] [ERROR] WebSocket connection to 'ws://localhost:3004/_next/hmr?id=InyZA2uhHlZBYK1YZxvQS' failed: Error in connection establishment: net::ERR_CONNECTION_REFUSED @ http://localhost:3004/_next/static/chunks/0484_next_dist_client_1y3_-8_._.js:16348
[   21271ms] [LOG] [HMR] connected @ http://localhost:3004/_next/static/chunks/0484_next_dist_0_l-60x._.js:776
[   22474ms] [INFO] %cDownload the React DevTools for a better development experience: https://react.dev/link/react-devtools font-weight:bold @ http://localhost:3004/_next/static/chunks/0484_next_dist_0_l-60x._.js:776
[   22483ms] [LOG] [HMR] connected @ http://localhost:3004/_next/static/chunks/0484_next_dist_0_l-60x._.js:776
[   22525ms] [WARNING] 
###########
###########
###########                           @@@@
###########                             @@
###########    @@      @@  @@@@@@ @     @@
###########     @@    @@  @@     @@     @@
###########     @@    @@ %@       @     @@
####  #####      @@  @@  .@      .@     @@
###    ####       @@@@    @@:   @@@.    @@
####  #####       @@@@      @@@@  =@@@@@@@@@
###########

This page is built with Val Build - the lightweight CMS where content is code.

Val is currently hidden.

To show Val, go to the following URL:
http://localhost:3004/api/val/enable?redirect_to=http%3A%2F%2Flocalhost%3A3004%2Fcontact
        
You are seeing this message because you are in development mode. @ http://localhost:3004/_next/static/chunks/0484_next_dist_0_l-60x._.js:776
[   22529ms] [LOG] %c[Vercel Web Analytics]%c Debug mode is enabled by default in development. No requests will be sent to the server. color: rgb(120, 120, 120) color: inherit @ http://localhost:3004/_next/static/chunks/0484_next_dist_0_l-60x._.js:776
[   22529ms] [LOG] %c[Vercel Web Analytics]%c Running queued event color: rgb(120, 120, 120) color: inherit pageview {route: /contact, path: /contact} @ http://localhost:3004/_next/static/chunks/0484_next_dist_0_l-60x._.js:776
[   22529ms] [LOG] %c[Vercel Web Analytics]%c Running queued event color: rgb(120, 120, 120) color: inherit pageview {route: /contact, path: /contact} @ http://localhost:3004/_next/static/chunks/0484_next_dist_0_l-60x._.js:776
[   22529ms] [LOG] %c[Vercel Web Analytics]%c [view] http://localhost:3004/contact color: rgb(120, 120, 120) color: inherit {o: http://localhost:3004/contact, sv: 0.1.3, sdkn: @vercel/analytics/next, sdkv: 2.0.1, ts: 1787818305182} /_vercel/insights/view @ http://localhost:3004/_next/static/chunks/0484_next_dist_0_l-60x._.js:776
[   22529ms] [LOG] %c[Vercel Web Analytics]%c [view] http://localhost:3004/contact color: rgb(120, 120, 120) color: inherit {o: http://localhost:3004/contact, sv: 0.1.3, sdkn: @vercel/analytics/next, sdkv: 2.0.1, ts: 1787818305182} /_vercel/insights/view @ http://localhost:3004/_next/static/chunks/0484_next_dist_0_l-60x._.js:776
